# Reset infos keys: 
[]
# Step logs (every 10 steps or when payload released)
{"step": 0, "is_disturbance": true, "just_released": false, "last_release_index": -1, "teacher_min": -1.0459189070388675e-10, "teacher_max": 0.7847999930381775, "teacher_norm": 0.7847999930381775}
{"step": 10, "is_disturbance": true, "just_released": false, "last_release_index": -1, "teacher_min": -2.1316282072803006e-13, "teacher_max": 0.7847999930381775, "teacher_norm": 0.7847999930381775}
{"step": 20, "is_disturbance": true, "just_released": false, "last_release_index": -1, "teacher_min": -2.6645352591003757e-14, "teacher_max": 0.7847999930381775, "teacher_norm": 0.7847999930381775}
{"step": 30, "is_disturbance": true, "just_released": false, "last_release_index": -1, "teacher_min": -4.163336342344337e-16, "teacher_max": 0.7847999930381775, "teacher_norm": 0.7847999930381775}
{"step": 40, "is_disturbance": true, "just_released": false, "last_release_index": -1, "teacher_min": 0.0, "teacher_max": 0.7847999930381775, "teacher_norm": 0.7847999930381775}
{"step": 50, "is_disturbance": true, "just_released": false, "last_release_index": -1, "teacher_min": -3.9968028886505635e-14, "teacher_max": 0.7847999930381775, "teacher_norm": 0.7847999930381775}
{"step": 60, "is_disturbance": true, "just_released": false, "last_release_index": -1, "teacher_min": -6.217248937900877e-14, "teacher_max": 0.7847999930381775, "teacher_norm": 0.7847999930381775}
{"step": 70, "is_disturbance": true, "just_released": false, "last_release_index": -1, "teacher_min": -8.881784197001252e-15, "teacher_max": 0.7847999930381775, "teacher_norm": 0.7847999930381775}
{"step": 80, "is_disturbance": true, "just_released": false, "last_release_index": -1, "teacher_min": -8.881784197001252e-15, "teacher_max": 0.7847999930381775, "teacher_norm": 0.7847999930381775}
{"step": 90, "is_disturbance": true, "just_released": false, "last_release_index": -1, "teacher_min": -8.881784197001252e-15, "teacher_max": 0.7847999930381775, "teacher_norm": 0.7847999930381775}
{"step": 91, "is_disturbance": true, "just_released": true, "last_release_index": 1, "teacher_min": 0.0, "teacher_max": 0.5886000394821167, "teacher_norm": 0.6507216691970825}
{"step": 100, "is_disturbance": false, "just_released": false, "last_release_index": 1, "teacher_min": 0.0, "teacher_max": 0.5886000394821167, "teacher_norm": 0.6507222056388855}
{"step": 110, "is_disturbance": false, "just_released": false, "last_release_index": 1, "teacher_min": 0.0, "teacher_max": 0.5886000394821167, "teacher_norm": 0.6507217884063721}
{"step": 120, "is_disturbance": false, "just_released": false, "last_release_index": 1, "teacher_min": 0.0, "teacher_max": 0.5886000394821167, "teacher_norm": 0.6507218480110168}
{"step": 130, "is_disturbance": false, "just_released": false, "last_release_index": 1, "teacher_min": 0.0, "teacher_max": 0.5886000394821167, "teacher_norm": 0.6507216691970825}
{"step": 140, "is_disturbance": false, "just_released": false, "last_release_index": 1, "teacher_min": 0.0, "teacher_max": 0.5886000394821167, "teacher_norm": 0.6507216095924377}
{"step": 150, "is_disturbance": false, "just_released": false, "last_release_index": 1, "teacher_min": 0.0, "teacher_max": 0.5886000394821167, "teacher_norm": 0.6507214903831482}
{"step": 160, "is_disturbance": false, "just_released": false, "last_release_index": 1, "teacher_min": 0.0, "teacher_max": 0.5886000394821167, "teacher_norm": 0.6507214307785034}
{"step": 170, "is_disturbance": false, "just_released": false, "last_release_index": 1, "teacher_min": 0.0, "teacher_max": 0.5886000394821167, "teacher_norm": 0.6507213711738586}
{"step": 180, "is_disturbance": false, "just_released": false, "last_release_index": 1, "teacher_min": 0.0, "teacher_max": 0.5886000394821167, "teacher_norm": 0.6507213711738586}
{"step": 190, "is_disturbance": false, "just_released": false, "last_release_index": 1, "teacher_min": 0.0, "teacher_max": 0.5886000394821167, "teacher_norm": 0.6507214307785034}
{"step": 200, "is_disturbance": false, "just_released": false, "last_release_index": 1, "teacher_min": 0.0, "teacher_max": 0.5886000394821167, "teacher_norm": 0.650721549987793}
{"step": 210, "is_disturbance": false, "just_released": false, "last_release_index": 1, "teacher_min": 0.0, "teacher_max": 0.5886000394821167, "teacher_norm": 0.6507216691970825}
{"step": 220, "is_disturbance": false, "just_released": false, "last_release_index": 1, "teacher_min": 0.0, "teacher_max": 0.5886000394821167, "teacher_norm": 0.6507216691970825}
{"step": 230, "is_disturbance": false, "just_released": false, "last_release_index": 1, "teacher_min": 0.0, "teacher_max": 0.5886000394821167, "teacher_norm": 0.6507233381271362}
{"step": 240, "is_disturbance": false, "just_released": false, "last_release_index": 1, "teacher_min": 0.0, "teacher_max": 0.5886000394821167, "teacher_norm": 0.6507243514060974}
{"step": 250, "is_disturbance": false, "just_released": false, "last_release_index": 1, "teacher_min": 0.0, "teacher_max": 0.5886000394821167, "teacher_norm": 0.6507214903831482}
{"step": 260, "is_disturbance": false, "just_released": false, "last_release_index": 1, "teacher_min": 0.0, "teacher_max": 0.5886000394821167, "teacher_norm": 0.650719940662384}
{"step": 270, "is_disturbance": false, "just_released": false, "last_release_index": 1, "teacher_min": 0.0, "teacher_max": 0.5886000394821167, "teacher_norm": 0.6507208943367004}
{"step": 280, "is_disturbance": false, "just_released": false, "last_release_index": 1, "teacher_min": 0.0, "teacher_max": 0.5886000394821167, "teacher_norm": 0.6507221460342407}
{"step": 290, "is_disturbance": false, "just_released": false, "last_release_index": 1, "teacher_min": 0.0, "teacher_max": 0.5886000394821167, "teacher_norm": 0.6507223844528198}
{"step": 300, "is_disturbance": true, "just_released": false, "last_release_index": 1, "teacher_min": 0.0, "teacher_max": 0.5886000394821167, "teacher_norm": 0.6507219672203064}
{"step": 310, "is_disturbance": true, "just_released": false, "last_release_index": 1, "teacher_min": 0.0, "teacher_max": 0.5886000394821167, "teacher_norm": 0.6507217288017273}
{"step": 320, "is_disturbance": true, "just_released": false, "last_release_index": 1, "teacher_min": 0.0, "teacher_max": 0.5886000394821167, "teacher_norm": 0.6507217884063721}
{"step": 330, "is_disturbance": true, "just_released": false, "last_release_index": 1, "teacher_min": 0.0, "teacher_max": 0.5886000394821167, "teacher_norm": 0.6507216095924377}
{"step": 340, "is_disturbance": true, "just_released": false, "last_release_index": 1, "teacher_min": 0.0, "teacher_max": 0.5886000394821167, "teacher_norm": 0.650721549987793}
{"step": 350, "is_disturbance": true, "just_released": false, "last_release_index": 1, "teacher_min": 0.0, "teacher_max": 0.5886000394821167, "teacher_norm": 0.6507217288017273}
{"step": 360, "is_disturbance": true, "just_released": false, "last_release_index": 1, "teacher_min": 0.0, "teacher_max": 0.5886000394821167, "teacher_norm": 0.6507219672203064}
{"step": 370, "is_disturbance": true, "just_released": false, "last_release_index": 1, "teacher_min": 0.0, "teacher_max": 0.5886000394821167, "teacher_norm": 0.6507219672203064}
{"step": 380, "is_disturbance": true, "just_released": false, "last_release_index": 1, "teacher_min": 0.0, "teacher_max": 0.5886000394821167, "teacher_norm": 0.6507219076156616}
{"step": 390, "is_disturbance": true, "just_released": false, "last_release_index": 1, "teacher_min": 0.0, "teacher_max": 0.5886000394821167, "teacher_norm": 0.6507218480110168}
{"step": 393, "is_disturbance": true, "just_released": true, "last_release_index": 0, "teacher_min": 0.0, "teacher_max": 0.39239999651908875, "teacher_norm": 0.554938793182373}
{"step": 400, "is_disturbance": false, "just_released": false, "last_release_index": 0, "teacher_min": -0.003575113834813237, "teacher_max": 0.39320695400238037, "teacher_norm": 0.5555198192596436}
{"step": 410, "is_disturbance": false, "just_released": false, "last_release_index": 0, "teacher_min": 0.0, "teacher_max": 0.401845782995224, "teacher_norm": 0.5616715550422668}
{"step": 420, "is_disturbance": false, "just_released": false, "last_release_index": 0, "teacher_min": -0.002930168993771076, "teacher_max": 0.39350461959838867, "teacher_norm": 0.5557267665863037}
{"step": 430, "is_disturbance": false, "just_released": false, "last_release_index": 0, "teacher_min": 0.0, "teacher_max": 0.39239999651908875, "teacher_norm": 0.5542277097702026}
{"step": 440, "is_disturbance": false, "just_released": false, "last_release_index": 0, "teacher_min": 0.0, "teacher_max": 0.39239999651908875, "teacher_norm": 0.5547637343406677}
{"step": 450, "is_disturbance": false, "just_released": false, "last_release_index": 0, "teacher_min": 0.0, "teacher_max": 0.39239999651908875, "teacher_norm": 0.5549031496047974}
{"step": 460, "is_disturbance": false, "just_released": false, "last_release_index": 0, "teacher_min": 0.0, "teacher_max": 0.3924832046031952, "teacher_norm": 0.5550441145896912}
{"step": 470, "is_disturbance": false, "just_released": false, "last_release_index": 0, "teacher_min": 0.0, "teacher_max": 0.39256757497787476, "teacher_norm": 0.5550923943519592}
{"step": 480, "is_disturbance": false, "just_released": false, "last_release_index": 0, "teacher_min": 0.0, "teacher_max": 0.3925308883190155, "teacher_norm": 0.555051863193512}
{"step": 490, "is_disturbance": false, "just_released": false, "last_release_index": 0, "teacher_min": 0.0, "teacher_max": 0.39246588945388794, "teacher_norm": 0.5549934506416321}
{"step": 500, "is_disturbance": false, "just_released": false, "last_release_index": 0, "teacher_min": 0.0, "teacher_max": 0.3924049139022827, "teacher_norm": 0.5549430847167969}
{"step": 510, "is_disturbance": false, "just_released": false, "last_release_index": 0, "teacher_min": 0.0, "teacher_max": 0.39239999651908875, "teacher_norm": 0.5549039244651794}
{"step": 520, "is_disturbance": false, "just_released": false, "last_release_index": 0, "teacher_min": -0.0011175486724823713, "teacher_max": 0.39239999651908875, "teacher_norm": 0.5548771023750305}
{"step": 530, "is_disturbance": false, "just_released": false, "last_release_index": 0, "teacher_min": -0.0020044073462486267, "teacher_max": 0.39239999651908875, "teacher_norm": 0.5548617839813232}
{"step": 540, "is_disturbance": false, "just_released": false, "last_release_index": 0, "teacher_min": -0.0026075062341988087, "teacher_max": 0.39239999651908875, "teacher_norm": 0.5548555850982666}
{"step": 550, "is_disturbance": false, "just_released": false, "last_release_index": 0, "teacher_min": -0.0029722044710069895, "teacher_max": 0.39239999651908875, "teacher_norm": 0.5548565983772278}
{"step": 560, "is_disturbance": false, "just_released": false, "last_release_index": 0, "teacher_min": -0.003145193913951516, "teacher_max": 0.39239999651908875, "teacher_norm": 0.5548624396324158}
{"step": 570, "is_disturbance": false, "just_released": false, "last_release_index": 0, "teacher_min": -0.0031716073863208294, "teacher_max": 0.39239999651908875, "teacher_norm": 0.5548712611198425}
{"step": 580, "is_disturbance": false, "just_released": false, "last_release_index": 0, "teacher_min": -0.0030908125918358564, "teacher_max": 0.39239999651908875, "teacher_norm": 0.5548815727233887}
{"step": 590, "is_disturbance": false, "just_released": false, "last_release_index": 0, "teacher_min": -0.0029341094195842743, "teacher_max": 0.39239999651908875, "teacher_norm": 0.5548919439315796}
{"step": 600, "is_disturbance": false, "just_released": false, "last_release_index": 0, "teacher_min": -0.0027278484776616096, "teacher_max": 0.39239999651908875, "teacher_norm": 0.5549017190933228}
{"step": 610, "is_disturbance": false, "just_released": false, "last_release_index": 0, "teacher_min": -0.0024764719419181347, "teacher_max": 0.39239999651908875, "teacher_norm": 0.5549076199531555}
{"step": 620, "is_disturbance": false, "just_released": false, "last_release_index": 0, "teacher_min": -0.0022363997995853424, "teacher_max": 0.39239999651908875, "teacher_norm": 0.5549070239067078}
{"step": 630, "is_disturbance": false, "just_released": false, "last_release_index": 0, "teacher_min": -0.002039555227383971, "teacher_max": 0.39239999651908875, "teacher_norm": 0.5549123883247375}
{"step": 640, "is_disturbance": true, "just_released": false, "last_release_index": 0, "teacher_min": -0.0018726629205048084, "teacher_max": 0.39239999651908875, "teacher_norm": 0.5549218058586121}
{"step": 650, "is_disturbance": true, "just_released": false, "last_release_index": 0, "teacher_min": -0.001704261521808803, "teacher_max": 0.39239999651908875, "teacher_norm": 0.5549272894859314}
{"step": 660, "is_disturbance": true, "just_released": false, "last_release_index": 0, "teacher_min": -0.0015188864199444652, "teacher_max": 0.39239999651908875, "teacher_norm": 0.5549310445785522}
{"step": 670, "is_disturbance": true, "just_released": false, "last_release_index": 0, "teacher_min": -0.001341053401120007, "teacher_max": 0.39239999651908875, "teacher_norm": 0.5549302697181702}
{"step": 680, "is_disturbance": true, "just_released": false, "last_release_index": 0, "teacher_min": -0.0011732712155207992, "teacher_max": 0.39239999651908875, "teacher_norm": 0.5549296140670776}
{"step": 690, "is_disturbance": true, "just_released": false, "last_release_index": 0, "teacher_min": -0.0010393463307991624, "teacher_max": 0.39239999651908875, "teacher_norm": 0.5549320578575134}
{"step": 700, "is_disturbance": true, "just_released": false, "last_release_index": 0, "teacher_min": -0.0009288018336519599, "teacher_max": 0.39239999651908875, "teacher_norm": 0.5549354553222656}
{"step": 710, "is_disturbance": true, "just_released": false, "last_release_index": 0, "teacher_min": -0.0008153229136951268, "teacher_max": 0.39239999651908875, "teacher_norm": 0.5549365878105164}
{"step": 720, "is_disturbance": true, "just_released": false, "last_release_index": 0, "teacher_min": -0.0006908489158377051, "teacher_max": 0.39239999651908875, "teacher_norm": 0.5549373626708984}
{"step": 730, "is_disturbance": true, "just_released": false, "last_release_index": 0, "teacher_min": -0.0005559109267778695, "teacher_max": 0.3924000561237335, "teacher_norm": 0.5549377202987671}
{"step": 737, "is_disturbance": true, "just_released": true, "last_release_index": 3, "teacher_min": 0.0, "teacher_max": 0.19643141329288483, "teacher_norm": 0.3398283123970032}
{"step": 740, "is_disturbance": false, "just_released": false, "last_release_index": 3, "teacher_min": 0.0, "teacher_max": 1.0, "teacher_norm": 1.0257818698883057}
{"step": 750, "is_disturbance": false, "just_released": false, "last_release_index": 3, "teacher_min": 0.0, "teacher_max": 0.294760525226593, "teacher_norm": 0.42647942900657654}
{"step": 760, "is_disturbance": false, "just_released": false, "last_release_index": 3, "teacher_min": 0.0, "teacher_max": 0.255841463804245, "teacher_norm": 0.3849623203277588}
{"step": 770, "is_disturbance": false, "just_released": false, "last_release_index": 3, "teacher_min": 0.0, "teacher_max": 0.19782283902168274, "teacher_norm": 0.3383924067020416}
{"step": 780, "is_disturbance": false, "just_released": false, "last_release_index": 3, "teacher_min": 0.0, "teacher_max": 0.20176105201244354, "teacher_norm": 0.34025824069976807}
{"step": 790, "is_disturbance": false, "just_released": false, "last_release_index": 3, "teacher_min": 0.0, "teacher_max": 0.2037743479013443, "teacher_norm": 0.34106501936912537}
{"step": 800, "is_disturbance": false, "just_released": false, "last_release_index": 3, "teacher_min": 0.0, "teacher_max": 0.2037166804075241, "teacher_norm": 0.3409408628940582}
{"step": 810, "is_disturbance": false, "just_released": false, "last_release_index": 3, "teacher_min": 0.0, "teacher_max": 0.19750124216079712, "teacher_norm": 0.33708932995796204}
{"step": 820, "is_disturbance": true, "just_released": false, "last_release_index": -1, "teacher_min": 0.0, "teacher_max": 0.7847999930381775, "teacher_norm": 0.7847999930381775}
{"step": 830, "is_disturbance": true, "just_released": false, "last_release_index": -1, "teacher_min": -6.963318810448982e-12, "teacher_max": 0.7847999930381775, "teacher_norm": 0.7847999930381775}
{"step": 840, "is_disturbance": true, "just_released": false, "last_release_index": -1, "teacher_min": -1.3322676295501878e-14, "teacher_max": 0.7847999930381775, "teacher_norm": 0.7847999930381775}
{"step": 850, "is_disturbance": true, "just_released": false, "last_release_index": -1, "teacher_min": -2.2737367544323206e-12, "teacher_max": 0.7847999930381775, "teacher_norm": 0.7847999930381775}
{"step": 860, "is_disturbance": true, "just_released": false, "last_release_index": -1, "teacher_min": 0.0, "teacher_max": 0.7847999930381775, "teacher_norm": 0.7847999930381775}
{"step": 870, "is_disturbance": true, "just_released": false, "last_release_index": -1, "teacher_min": 0.0, "teacher_max": 0.7847999930381775, "teacher_norm": 0.7847999930381775}
{"step": 880, "is_disturbance": true, "just_released": false, "last_release_index": -1, "teacher_min": -6.394884621840902e-13, "teacher_max": 0.7847999930381775, "teacher_norm": 0.7847999930381775}
{"step": 890, "is_disturbance": true, "just_released": false, "last_release_index": -1, "teacher_min": -8.171241461241152e-13, "teacher_max": 0.7847999930381775, "teacher_norm": 0.7847999930381775}
{"step": 894, "is_disturbance": true, "just_released": true, "last_release_index": 2, "teacher_min": -0.19620230793952942, "teacher_max": 0.5886000394821167, "teacher_norm": 0.650680422782898}
{"step": 900, "is_disturbance": false, "just_released": false, "last_release_index": 2, "teacher_min": -0.19678041338920593, "teacher_max": 0.5886000394821167, "teacher_norm": 0.6507887840270996}
{"step": 910, "is_disturbance": false, "just_released": false, "last_release_index": 2, "teacher_min": -0.19692763686180115, "teacher_max": 0.5886000394821167, "teacher_norm": 0.6507996320724487}
{"step": 920, "is_disturbance": false, "just_released": false, "last_release_index": 2, "teacher_min": -0.1962437480688095, "teacher_max": 0.5886000394821167, "teacher_norm": 0.6507432460784912}
{"step": 930, "is_disturbance": false, "just_released": false, "last_release_index": 2, "teacher_min": -0.1964665800333023, "teacher_max": 0.5886000394821167, "teacher_norm": 0.6507205963134766}
{"step": 940, "is_disturbance": false, "just_released": false, "last_release_index": 2, "teacher_min": -0.19635938107967377, "teacher_max": 0.5886000394821167, "teacher_norm": 0.6507225632667542}
{"step": 950, "is_disturbance": false, "just_released": false, "last_release_index": 2, "teacher_min": -0.19628667831420898, "teacher_max": 0.5886000394821167, "teacher_norm": 0.6507241725921631}
{"step": 960, "is_disturbance": false, "just_released": false, "last_release_index": 2, "teacher_min": -0.19635164737701416, "teacher_max": 0.5886000394821167, "teacher_norm": 0.6507226228713989}
{"step": 970, "is_disturbance": false, "just_released": false, "last_release_index": 2, "teacher_min": -0.1964828372001648, "teacher_max": 0.5886000394821167, "teacher_norm": 0.6507216691970825}
{"step": 980, "is_disturbance": false, "just_released": false, "last_release_index": 2, "teacher_min": -0.19663165509700775, "teacher_max": 0.5886000394821167, "teacher_norm": 0.650721549987793}
{"step": 990, "is_disturbance": false, "just_released": false, "last_release_index": 2, "teacher_min": -0.1967862844467163, "teacher_max": 0.5886000394821167, "teacher_norm": 0.6507214307785034}
{"step": 1000, "is_disturbance": false, "just_released": false, "last_release_index": 2, "teacher_min": -0.19693313539028168, "teacher_max": 0.5886000394821167, "teacher_norm": 0.6507213115692139}
{"step": 1010, "is_disturbance": false, "just_released": false, "last_release_index": 2, "teacher_min": -0.1970546841621399, "teacher_max": 0.5886000394821167, "teacher_norm": 0.6507213711738586}
{"step": 1020, "is_disturbance": false, "just_released": false, "last_release_index": 2, "teacher_min": -0.19714298844337463, "teacher_max": 0.5886000394821167, "teacher_norm": 0.6507214903831482}
{"step": 1030, "is_disturbance": false, "just_released": false, "last_release_index": 2, "teacher_min": -0.19719986617565155, "teacher_max": 0.5886000394821167, "teacher_norm": 0.6507216095924377}
{"step": 1040, "is_disturbance": false, "just_released": false, "last_release_index": 2, "teacher_min": -0.19723044335842133, "teacher_max": 0.5886000394821167, "teacher_norm": 0.6507216691970825}
{"step": 1050, "is_disturbance": false, "just_released": false, "last_release_index": 2, "teacher_min": -0.1972402036190033, "teacher_max": 0.5886000394821167, "teacher_norm": 0.6507216691970825}
{"step": 1060, "is_disturbance": false, "just_released": false, "last_release_index": 2, "teacher_min": -0.19723306596279144, "teacher_max": 0.5886000394821167, "teacher_norm": 0.6507216691970825}
{"step": 1070, "is_disturbance": false, "just_released": false, "last_release_index": 2, "teacher_min": -0.19721239805221558, "teacher_max": 0.5886000394821167, "teacher_norm": 0.6507216691970825}
{"step": 1080, "is_disturbance": false, "just_released": false, "last_release_index": 2, "teacher_min": -0.19718553125858307, "teacher_max": 0.5886000394821167, "teacher_norm": 0.6507217884063721}
{"step": 1090, "is_disturbance": false, "just_released": false, "last_release_index": 2, "teacher_min": -0.1971648931503296, "teacher_max": 0.5886000394821167, "teacher_norm": 0.6507217288017273}
{"step": 1100, "is_disturbance": false, "just_released": false, "last_release_index": 2, "teacher_min": -0.19712837040424347, "teacher_max": 0.5886000394821167, "teacher_norm": 0.6507217884063721}
{"step": 1110, "is_disturbance": false, "just_released": false, "last_release_index": 2, "teacher_min": -0.19709722697734833, "teacher_max": 0.5886000394821167, "teacher_norm": 0.6507217884063721}
{"step": 1120, "is_disturbance": false, "just_released": false, "last_release_index": 2, "teacher_min": -0.19706682860851288, "teacher_max": 0.5886000394821167, "teacher_norm": 0.6507222056388855}
{"step": 1130, "is_disturbance": false, "just_released": false, "last_release_index": 2, "teacher_min": -0.19702638685703278, "teacher_max": 0.5886000394821167, "teacher_norm": 0.650722086429596}
{"step": 1140, "is_disturbance": true, "just_released": false, "last_release_index": 2, "teacher_min": -0.19698739051818848, "teacher_max": 0.5886000394821167, "teacher_norm": 0.6507216095924377}
{"step": 1150, "is_disturbance": true, "just_released": false, "last_release_index": 2, "teacher_min": -0.19695760309696198, "teacher_max": 0.5886000394821167, "teacher_norm": 0.6507214903831482}
{"step": 1160, "is_disturbance": true, "just_released": false, "last_release_index": 2, "teacher_min": -0.19693616032600403, "teacher_max": 0.5886000394821167, "teacher_norm": 0.6507216691970825}
{"step": 1170, "is_disturbance": true, "just_released": false, "last_release_index": 2, "teacher_min": -0.196918323636055, "teacher_max": 0.5886000394821167, "teacher_norm": 0.6507219076156616}
{"step": 1180, "is_disturbance": true, "just_released": false, "last_release_index": 2, "teacher_min": -0.1969001740217209, "teacher_max": 0.5886000394821167, "teacher_norm": 0.6507219076156616}
{"step": 1190, "is_disturbance": true, "just_released": false, "last_release_index": 2, "teacher_min": -0.19688069820404053, "teacher_max": 0.5886000394821167, "teacher_norm": 0.6507218480110168}
{"step": 1200, "is_disturbance": true, "just_released": false, "last_release_index": 2, "teacher_min": -0.1968606412410736, "teacher_max": 0.5886000394821167, "teacher_norm": 0.6507218480110168}
{"step": 1210, "is_disturbance": true, "just_released": false, "last_release_index": 2, "teacher_min": -0.19684146344661713, "teacher_max": 0.5886000394821167, "teacher_norm": 0.6507217884063721}
{"step": 1220, "is_disturbance": true, "just_released": false, "last_release_index": 2, "teacher_min": -0.19682510197162628, "teacher_max": 0.5886000394821167, "teacher_norm": 0.6507217884063721}
{"step": 1230, "is_disturbance": true, "just_released": false, "last_release_index": 2, "teacher_min": -0.1968229115009308, "teacher_max": 0.5886000394821167, "teacher_norm": 0.6507218480110168}
{"step": 1238, "is_disturbance": true, "just_released": true, "last_release_index": 1, "teacher_min": -8.09025806347563e-08, "teacher_max": 0.39239999651908875, "teacher_norm": 0.39239999651908875}
{"step": 1240, "is_disturbance": false, "just_released": false, "last_release_index": 1, "teacher_min": -0.002425946295261383, "teacher_max": 0.39239999651908875, "teacher_norm": 0.39240914583206177}
{"step": 1250, "is_disturbance": false, "just_released": false, "last_release_index": 1, "teacher_min": 0.0, "teacher_max": 0.39239999651908875, "teacher_norm": 0.3924003839492798}
{"step": 1260, "is_disturbance": false, "just_released": false, "last_release_index": 1, "teacher_min": -5.709813558496535e-05, "teacher_max": 0.39239999651908875, "teacher_norm": 0.39239999651908875}
{"step": 1270, "is_disturbance": false, "just_released": false, "last_release_index": 1, "teacher_min": -1.5184389212663518e-06, "teacher_max": 0.39239999651908875, "teacher_norm": 0.39240002632141113}
{"step": 1280, "is_disturbance": false, "just_released": false, "last_release_index": 1, "teacher_min": 0.0, "teacher_max": 0.39239999651908875, "teacher_norm": 0.39239999651908875}
{"step": 1290, "is_disturbance": false, "just_released": false, "last_release_index": 1, "teacher_min": 0.0, "teacher_max": 0.39239999651908875, "teacher_norm": 0.39239999651908875}
{"step": 1300, "is_disturbance": false, "just_released": false, "last_release_index": 1, "teacher_min": -5.6763792599667795e-06, "teacher_max": 0.39239999651908875, "teacher_norm": 0.39239999651908875}
{"step": 1310, "is_disturbance": false, "just_released": false, "last_release_index": 1, "teacher_min": -2.6779898689710535e-05, "teacher_max": 0.39239999651908875, "teacher_norm": 0.39239999651908875}
{"step": 1320, "is_disturbance": false, "just_released": false, "last_release_index": 1, "teacher_min": -2.369849244132638e-05, "teacher_max": 0.39239999651908875, "teacher_norm": 0.39239999651908875}
{"step": 1330, "is_disturbance": false, "just_released": false, "last_release_index": 1, "teacher_min": -1.108998003473971e-05, "teacher_max": 0.39239999651908875, "teacher_norm": 0.39239999651908875}
{"step": 1340, "is_disturbance": false, "just_released": false, "last_release_index": 1, "teacher_min": -2.961375002996647e-06, "teacher_max": 0.39239999651908875, "teacher_norm": 0.39239999651908875}
{"step": 1350, "is_disturbance": false, "just_released": false, "last_release_index": 1, "teacher_min": -1.3394060260907281e-06, "teacher_max": 0.39239999651908875, "teacher_norm": 0.39239999651908875}
{"step": 1360, "is_disturbance": false, "just_released": false, "last_release_index": 1, "teacher_min": 0.0, "teacher_max": 0.39239999651908875, "teacher_norm": 0.39239999651908875}
{"step": 1370, "is_disturbance": false, "just_released": false, "last_release_index": 1, "teacher_min": 0.0, "teacher_max": 0.39239999651908875, "teacher_norm": 0.39239999651908875}
{"step": 1380, "is_disturbance": false, "just_released": false, "last_release_index": 1, "teacher_min": 0.0, "teacher_max": 0.39239999651908875, "teacher_norm": 0.39239999651908875}
{"step": 1390, "is_disturbance": false, "just_released": false, "last_release_index": 1, "teacher_min": 0.0, "teacher_max": 0.39239999651908875, "teacher_norm": 0.39239999651908875}
{"step": 1400, "is_disturbance": false, "just_released": false, "last_release_index": 1, "teacher_min": -3.1713113912701374e-08, "teacher_max": 0.39239999651908875, "teacher_norm": 0.39239999651908875}
{"step": 1410, "is_disturbance": false, "just_released": false, "last_release_index": 1, "teacher_min": -5.22278007508703e-08, "teacher_max": 0.39239999651908875, "teacher_norm": 0.39239999651908875}
{"step": 1420, "is_disturbance": false, "just_released": false, "last_release_index": 1, "teacher_min": -5.039571249199071e-08, "teacher_max": 0.39239999651908875, "teacher_norm": 0.39239999651908875}
{"step": 1430, "is_disturbance": false, "just_released": false, "last_release_index": 1, "teacher_min": -1.9073029378091633e-08, "teacher_max": 0.39239999651908875, "teacher_norm": 0.39239999651908875}
{"step": 1440, "is_disturbance": false, "just_released": false, "last_release_index": 1, "teacher_min": -1.4149392768558755e-07, "teacher_max": 0.39239999651908875, "teacher_norm": 0.39239999651908875}
{"step": 1450, "is_disturbance": false, "just_released": false, "last_release_index": 1, "teacher_min": -1.7865184531729028e-07, "teacher_max": 0.39239999651908875, "teacher_norm": 0.39239999651908875}
{"step": 1460, "is_disturbance": false, "just_released": false, "last_release_index": 1, "teacher_min": -1.3496338624463533e-07, "teacher_max": 0.39239999651908875, "teacher_norm": 0.39239999651908875}
{"step": 1470, "is_disturbance": true, "just_released": false, "last_release_index": 1, "teacher_min": -9.895120456349105e-08, "teacher_max": 0.39239999651908875, "teacher_norm": 0.39239999651908875}
{"step": 1480, "is_disturbance": true, "just_released": false, "last_release_index": 1, "teacher_min": -5.5821413269541154e-08, "teacher_max": 0.39239999651908875, "teacher_norm": 0.39239999651908875}
{"step": 1490, "is_disturbance": true, "just_released": false, "last_release_index": 1, "teacher_min": -2.3640231106014653e-08, "teacher_max": 0.39239999651908875, "teacher_norm": 0.39239999651908875}
{"step": 1500, "is_disturbance": true, "just_released": false, "last_release_index": 1, "teacher_min": -7.324012951670511e-09, "teacher_max": 0.39239999651908875, "teacher_norm": 0.39239999651908875}
{"step": 1510, "is_disturbance": true, "just_released": false, "last_release_index": 1, "teacher_min": -1.2543344141136004e-09, "teacher_max": 0.39239999651908875, "teacher_norm": 0.39239999651908875}
{"step": 1520, "is_disturbance": true, "just_released": false, "last_release_index": 1, "teacher_min": -6.851177958289156e-10, "teacher_max": 0.39239999651908875, "teacher_norm": 0.39239999651908875}
{"step": 1530, "is_disturbance": true, "just_released": false, "last_release_index": 1, "teacher_min": -1.0569897179735221e-09, "teacher_max": 0.39239999651908875, "teacher_norm": 0.39239999651908875}
{"step": 1540, "is_disturbance": true, "just_released": false, "last_release_index": 1, "teacher_min": -6.958111953281332e-08, "teacher_max": 0.39239999651908875, "teacher_norm": 0.39239999651908875}
{"step": 1550, "is_disturbance": true, "just_released": false, "last_release_index": 1, "teacher_min": -1.0828138385932107e-08, "teacher_max": 0.39239999651908875, "teacher_norm": 0.39239999651908875}
{"step": 1560, "is_disturbance": true, "just_released": false, "last_release_index": 1, "teacher_min": -1.3833046352829115e-07, "teacher_max": 0.39239999651908875, "teacher_norm": 0.39239999651908875}
{"step": 1562, "is_disturbance": true, "just_released": true, "last_release_index": 0, "teacher_min": -0.19619295001029968, "teacher_max": 0.19621387124061584, "teacher_norm": 0.3398323059082031}
{"step": 1570, "is_disturbance": false, "just_released": false, "last_release_index": 0, "teacher_min": -0.19760853052139282, "teacher_max": 0.196369007229805, "teacher_norm": 0.3407408893108368}
{"step": 1580, "is_disturbance": false, "just_released": false, "last_release_index": 0, "teacher_min": -0.1971905678510666, "teacher_max": 0.1965305358171463, "teacher_norm": 0.3405918478965759}
{"step": 1590, "is_disturbance": false, "just_released": false, "last_release_index": 0, "teacher_min": -0.19605448842048645, "teacher_max": 0.1963006556034088, "teacher_norm": 0.3398025333881378}
{"step": 1600, "is_disturbance": false, "just_released": false, "last_release_index": 0, "teacher_min": -0.19657836854457855, "teacher_max": 0.19619999825954437, "teacher_norm": 0.33985283970832825}
{"step": 1610, "is_disturbance": false, "just_released": false, "last_release_index": 0, "teacher_min": -0.19684258103370667, "teacher_max": 0.19619999825954437, "teacher_norm": 0.33988258242607117}
{"step": 1620, "is_disturbance": false, "just_released": false, "last_release_index": 0, "teacher_min": -0.19679959118366241, "teacher_max": 0.19619999825954437, "teacher_norm": 0.33986321091651917}
{"step": 1630, "is_disturbance": false, "just_released": false, "last_release_index": 0, "teacher_min": -0.19667814671993256, "teacher_max": 0.19619999825954437, "teacher_norm": 0.3398286998271942}
{"step": 1640, "is_disturbance": false, "just_released": false, "last_release_index": 0, "teacher_min": -0.1966978907585144, "teacher_max": 0.19619999825954437, "teacher_norm": 0.33982694149017334}
{"step": 1650, "is_disturbance": false, "just_released": false, "last_release_index": 0, "teacher_min": -0.1968664824962616, "teacher_max": 0.19619999825954437, "teacher_norm": 0.339828759431839}
{"step": 1660, "is_disturbance": false, "just_released": false, "last_release_index": 0, "teacher_min": -0.19711917638778687, "teacher_max": 0.19619999825954437, "teacher_norm": 0.3398163616657257}
{"step": 1670, "is_disturbance": false, "just_released": false, "last_release_index": 0, "teacher_min": -0.19733744859695435, "teacher_max": 0.19619999825954437, "teacher_norm": 0.33982446789741516}
{"step": 1680, "is_disturbance": false, "just_released": false, "last_release_index": 0, "teacher_min": -0.19744807481765747, "teacher_max": 0.19619999825954437, "teacher_norm": 0.3398335874080658}
{"step": 1690, "is_disturbance": false, "just_released": false, "last_release_index": 0, "teacher_min": -0.19746306538581848, "teacher_max": 0.19619999825954437, "teacher_norm": 0.339830607175827}
{"step": 1700, "is_disturbance": false, "just_released": false, "last_release_index": 0, "teacher_min": -0.19743992388248444, "teacher_max": 0.19619999825954437, "teacher_norm": 0.3398285210132599}
{"step": 1710, "is_disturbance": false, "just_released": false, "last_release_index": 0, "teacher_min": -0.1974009871482849, "teacher_max": 0.19619999825954437, "teacher_norm": 0.3398283123970032}
{"step": 1720, "is_disturbance": false, "just_released": false, "last_release_index": 0, "teacher_min": -0.19735224545001984, "teacher_max": 0.19619999825954437, "teacher_norm": 0.33982837200164795}
{"step": 1730, "is_disturbance": false, "just_released": false, "last_release_index": 0, "teacher_min": -0.19729669392108917, "teacher_max": 0.19619999825954437, "teacher_norm": 0.33982837200164795}
{"step": 1740, "is_disturbance": false, "just_released": false, "last_release_index": 0, "teacher_min": -0.197282075881958, "teacher_max": 0.19619999825954437, "teacher_norm": 0.33982935547828674}
{"step": 1750, "is_disturbance": false, "just_released": false, "last_release_index": 0, "teacher_min": -0.19722561538219452, "teacher_max": 0.19619999825954437, "teacher_norm": 0.33982881903648376}
{"step": 1760, "is_disturbance": false, "just_released": false, "last_release_index": 0, "teacher_min": -0.1971552073955536, "teacher_max": 0.19619999825954437, "teacher_norm": 0.3398281931877136}
{"step": 1770, "is_disturbance": false, "just_released": false, "last_release_index": 0, "teacher_min": -0.1970895379781723, "teacher_max": 0.19619999825954437, "teacher_norm": 0.3398280441761017}
{"step": 1780, "is_disturbance": false, "just_released": false, "last_release_index": 0, "teacher_min": -0.1970326453447342, "teacher_max": 0.19619999825954437, "teacher_norm": 0.33982813358306885}
{"step": 1790, "is_disturbance": false, "just_released": false, "last_release_index": 0, "teacher_min": -0.19698399305343628, "teacher_max": 0.19619999825954437, "teacher_norm": 0.33982810378074646}
{"step": 1800, "is_disturbance": true, "just_released": false, "last_release_index": 0, "teacher_min": -0.1969424933195114, "teacher_max": 0.19619999825954437, "teacher_norm": 0.3398281931877136}
{"step": 1810, "is_disturbance": true, "just_released": false, "last_release_index": 0, "teacher_min": -0.1969066858291626, "teacher_max": 0.19619999825954437, "teacher_norm": 0.33982816338539124}
{"step": 1820, "is_disturbance": true, "just_released": false, "last_release_index": 0, "teacher_min": -0.19687655568122864, "teacher_max": 0.19619999825954437, "teacher_norm": 0.3398281931877136}
{"step": 1830, "is_disturbance": true, "just_released": false, "last_release_index": 0, "teacher_min": -0.19685178995132446, "teacher_max": 0.19619999825954437, "teacher_norm": 0.339828222990036}
{"step": 1840, "is_disturbance": true, "just_released": false, "last_release_index": 0, "teacher_min": -0.1968315988779068, "teacher_max": 0.19619999825954437, "teacher_norm": 0.3398281931877136}
{"step": 1850, "is_disturbance": true, "just_released": false, "last_release_index": 0, "teacher_min": -0.1968155801296234, "teacher_max": 0.19619999825954437, "teacher_norm": 0.339828222990036}
{"step": 1860, "is_disturbance": true, "just_released": false, "last_release_index": 0, "teacher_min": -0.196792334318161, "teacher_max": 0.19619999825954437, "teacher_norm": 0.3398316502571106}
{"step": 1870, "is_disturbance": true, "just_released": false, "last_release_index": 0, "teacher_min": -0.1967872828245163, "teacher_max": 0.19619999825954437, "teacher_norm": 0.33983534574508667}
{"step": 1880, "is_disturbance": true, "just_released": false, "last_release_index": 0, "teacher_min": -0.19680313766002655, "teacher_max": 0.19619999825954437, "teacher_norm": 0.33982884883880615}
{"step": 1890, "is_disturbance": true, "just_released": false, "last_release_index": 0, "teacher_min": -0.19683890044689178, "teacher_max": 0.19619999825954437, "teacher_norm": 0.33982545137405396}
{"step": 1897, "is_disturbance": true, "just_released": true, "last_release_index": 3, "teacher_min": 0.0, "teacher_max": 0.0, "teacher_norm": 0.0}
{"step": 1900, "is_disturbance": false, "just_released": false, "last_release_index": 3, "teacher_min": 0.0, "teacher_max": 0.0, "teacher_norm": 0.0}
{"step": 1910, "is_disturbance": false, "just_released": false, "last_release_index": 3, "teacher_min": 0.0, "teacher_max": 0.0, "teacher_norm": 0.0}
{"step": 1920, "is_disturbance": false, "just_released": false, "last_release_index": 3, "teacher_min": 0.0, "teacher_max": 0.0, "teacher_norm": 0.0}
{"step": 1930, "is_disturbance": false, "just_released": false, "last_release_index": 3, "teacher_min": 0.0, "teacher_max": 0.0, "teacher_norm": 0.0}
{"step": 1940, "is_disturbance": false, "just_released": false, "last_release_index": 3, "teacher_min": 0.0, "teacher_max": 0.0, "teacher_norm": 0.0}
{"step": 1950, "is_disturbance": false, "just_released": false, "last_release_index": 3, "teacher_min": 0.0, "teacher_max": 0.0, "teacher_norm": 0.0}
{"step": 1960, "is_disturbance": false, "just_released": false, "last_release_index": 3, "teacher_min": 0.0, "teacher_max": 0.0, "teacher_norm": 0.0}
{"step": 1970, "is_disturbance": false, "just_released": false, "last_release_index": 3, "teacher_min": 0.0, "teacher_max": 0.0, "teacher_norm": 0.0}
{"step": 1980, "is_disturbance": false, "just_released": false, "last_release_index": 3, "teacher_min": 0.0, "teacher_max": 0.0, "teacher_norm": 0.0}
{"step": 1990, "is_disturbance": false, "just_released": false, "last_release_index": 3, "teacher_min": 0.0, "teacher_max": 0.0, "teacher_norm": 0.0}
